// Jest Snapshot v1, https://goo.gl/fbAQLP

exports[`renders correctly 1`] = `
<Text
  style={
    Array [
      Object {
        "fontFamily": "space-mono",
      },
      undefined,
    ]
  }
>
  Snapshot test!
</Text>
`;
